\BOOKMARK [1][-]{section.1}{\376\377\000I\000n\000t\000r\000o\000d\000u\000c\000t\000i\000o\000n}{}% 1
\BOOKMARK [1][-]{section.4}{\376\377\000P\000r\000o\000j\000e\000c\000t\000\040\000C\000o\000n\000t\000e\000x\000t\000\040\000f\000r\000o\000m\000\040\000S\000R\000S\000\040\000a\000n\000d\000\040\000S\000D\000S}{}% 2
\BOOKMARK [2][-]{subsection.5}{\376\377\000R\000e\000q\000u\000i\000r\000e\000m\000e\000n\000t\000s\000\040\000B\000a\000s\000e\000l\000i\000n\000e}{section.4}% 3
\BOOKMARK [2][-]{subsection.6}{\376\377\000D\000e\000s\000i\000g\000n\000\040\000B\000a\000s\000e\000l\000i\000n\000e}{section.4}% 4
\BOOKMARK [1][-]{section.7}{\376\377\000P\000r\000o\000b\000l\000e\000m\000\040\000S\000t\000a\000t\000e\000m\000e\000n\000t}{}% 5
\BOOKMARK [1][-]{section.11}{\376\377\000O\000b\000j\000e\000c\000t\000i\000v\000e\000s}{}% 6
\BOOKMARK [1][-]{section.18}{\376\377\000L\000i\000t\000e\000r\000a\000t\000u\000r\000e\000\040\000S\000u\000r\000v\000e\000y}{}% 7
\BOOKMARK [2][-]{subsection.19}{\376\377\000M\000o\000b\000i\000l\000e\000\040\000a\000n\000d\000\040\000R\000e\000a\000l\000-\000T\000i\000m\000e\000\040\000O\000b\000j\000e\000c\000t\000\040\000D\000e\000t\000e\000c\000t\000i\000o\000n}{section.18}% 8
\BOOKMARK [2][-]{subsection.20}{\376\377\000D\000i\000s\000t\000a\000n\000c\000e\000\040\000a\000n\000d\000\040\000S\000c\000e\000n\000e\000\040\000G\000e\000o\000m\000e\000t\000r\000y}{section.18}% 9
\BOOKMARK [2][-]{subsection.21}{\376\377\000F\000a\000s\000t\000\040\000a\000n\000d\000\040\000L\000i\000g\000h\000t\000w\000e\000i\000g\000h\000t\000\040\000T\000e\000x\000t\000-\000t\000o\000-\000S\000p\000e\000e\000c\000h}{section.18}% 10
\BOOKMARK [2][-]{subsection.22}{\376\377\000A\000s\000s\000i\000s\000t\000i\000v\000e\000\040\000a\000n\000d\000\040\000U\000s\000a\000b\000i\000l\000i\000t\000y\000\040\000L\000i\000t\000e\000r\000a\000t\000u\000r\000e}{section.18}% 11
\BOOKMARK [1][-]{section.23}{\376\377\000W\000h\000y\000\040\000t\000h\000e\000\040\000C\000u\000r\000r\000e\000n\000t\000\040\000A\000r\000c\000h\000i\000t\000e\000c\000t\000u\000r\000e\000\040\000U\000s\000e\000s\000\040\000V\000i\000s\000i\000o\000n\000C\000a\000m\000e\000r\000a\000\040\000a\000n\000d\000\040\000J\000S\000I}{}% 12
\BOOKMARK [2][-]{subsection.24}{\376\377\000A\000r\000c\000h\000i\000t\000e\000c\000t\000u\000r\000e\000\040\000C\000h\000o\000i\000c\000e\000\040\000R\000a\000t\000i\000o\000n\000a\000l\000e}{section.23}% 13
\BOOKMARK [1][-]{section.25}{\376\377\000S\000y\000s\000t\000e\000m\000\040\000O\000v\000e\000r\000v\000i\000e\000w}{}% 14
\BOOKMARK [2][-]{subsection.26}{\376\377\000P\000l\000a\000n\000n\000e\000d\000\040\000L\000o\000g\000i\000c\000a\000l\000\040\000P\000i\000p\000e\000l\000i\000n\000e}{section.25}% 15
\BOOKMARK [2][-]{subsection.27}{\376\377\000C\000u\000r\000r\000e\000n\000t\000\040\000I\000m\000p\000l\000e\000m\000e\000n\000t\000e\000d\000\040\000P\000i\000p\000e\000l\000i\000n\000e}{section.25}% 16
\BOOKMARK [1][-]{section.35}{\376\377\000R\000e\000p\000o\000s\000i\000t\000o\000r\000y\000\040\000a\000n\000d\000\040\000M\000o\000d\000u\000l\000e\000\040\000M\000a\000p\000p\000i\000n\000g}{}% 17
\BOOKMARK [2][-]{subsection.36}{\376\377\000T\000o\000p\000-\000L\000e\000v\000e\000l\000\040\000R\000u\000n\000t\000i\000m\000e\000\040\000M\000o\000d\000u\000l\000e\000s}{section.35}% 18
\BOOKMARK [2][-]{subsection.39}{\376\377\000P\000l\000a\000n\000n\000e\000d\000\040\000v\000s\000\040\000A\000c\000t\000u\000a\000l\000\040\000M\000o\000d\000u\000l\000e\000\040\000C\000o\000r\000r\000e\000s\000p\000o\000n\000d\000e\000n\000c\000e}{section.35}% 19
\BOOKMARK [1][-]{section.42}{\376\377\000M\000o\000d\000e\000l\000\040\000a\000n\000d\000\040\000R\000u\000n\000t\000i\000m\000e\000\040\000D\000e\000s\000i\000g\000n}{}% 20
\BOOKMARK [2][-]{subsection.43}{\376\377\000B\000u\000n\000d\000l\000e\000d\000\040\000V\000i\000s\000i\000o\000n\000\040\000M\000o\000d\000e\000l}{section.42}% 21
\BOOKMARK [2][-]{subsection.44}{\376\377\000W\000h\000y\000\040\000Y\000O\000L\000O\0002\0006\000s\000\040\000W\000a\000s\000\040\000C\000h\000o\000s\000e\000n}{section.42}% 22
\BOOKMARK [2][-]{subsection.45}{\376\377\000C\000u\000r\000r\000e\000n\000t\000\040\000D\000i\000s\000t\000a\000n\000c\000e\000\040\000E\000s\000t\000i\000m\000a\000t\000i\000o\000n\000\040\000S\000t\000r\000a\000t\000e\000g\000y}{section.42}% 23
\BOOKMARK [1][-]{section.46}{\376\377\000D\000a\000t\000a\000b\000a\000s\000e\000\040\000a\000n\000d\000\040\000P\000e\000r\000s\000i\000s\000t\000e\000n\000t\000\040\000S\000t\000a\000t\000e}{}% 24
\BOOKMARK [1][-]{section.49}{\376\377\000R\000e\000q\000u\000i\000r\000e\000m\000e\000n\000t\000\040\000T\000r\000a\000c\000e\000a\000b\000i\000l\000i\000t\000y}{}% 25
\BOOKMARK [1][-]{section.52}{\376\377\000I\000m\000p\000l\000e\000m\000e\000n\000t\000a\000t\000i\000o\000n\000\040\000D\000e\000t\000a\000i\000l\000s}{}% 26
\BOOKMARK [2][-]{subsection.53}{\376\377\000C\000a\000m\000e\000r\000a\000\040\000a\000n\000d\000\040\000F\000r\000a\000m\000e\000\040\000P\000i\000p\000e\000l\000i\000n\000e}{section.52}% 27
\BOOKMARK [2][-]{subsection.54}{\376\377\000D\000e\000t\000e\000c\000t\000i\000o\000n\000\040\000P\000a\000r\000s\000i\000n\000g}{section.52}% 28
\BOOKMARK [2][-]{subsection.55}{\376\377\000S\000p\000e\000e\000c\000h\000\040\000a\000n\000d\000\040\000N\000a\000r\000r\000a\000t\000i\000o\000n}{section.52}% 29
\BOOKMARK [2][-]{subsection.56}{\376\377\000U\000I\000\040\000R\000e\000s\000p\000o\000n\000s\000i\000v\000e\000n\000e\000s\000s\000\040\000I\000m\000p\000r\000o\000v\000e\000m\000e\000n\000t\000s}{section.52}% 30
\BOOKMARK [1][-]{section.57}{\376\377\000T\000e\000s\000t\000i\000n\000g\000\040\000M\000e\000t\000h\000o\000d\000o\000l\000o\000g\000y}{}% 31
\BOOKMARK [2][-]{subsection.58}{\376\377\000A\000u\000t\000o\000m\000a\000t\000e\000d\000\040\000T\000e\000s\000t\000i\000n\000g\000\040\000T\000o\000o\000l\000s}{section.57}% 32
\BOOKMARK [2][-]{subsection.59}{\376\377\000A\000u\000t\000o\000m\000a\000t\000e\000d\000\040\000V\000a\000l\000i\000d\000a\000t\000i\000o\000n\000\040\000R\000e\000s\000u\000l\000t\000s}{section.57}% 33
\BOOKMARK [2][-]{subsection.62}{\376\377\000M\000a\000n\000u\000a\000l\000\040\000T\000e\000s\000t\000\040\000S\000u\000i\000t\000e\000\040\000B\000a\000s\000e\000l\000i\000n\000e}{section.57}% 34
\BOOKMARK [2][-]{subsection.65}{\376\377\000M\000o\000d\000u\000l\000e\000-\000W\000i\000s\000e\000\040\000T\000e\000s\000t\000\040\000D\000i\000s\000t\000r\000i\000b\000u\000t\000i\000o\000n}{section.57}% 35
\BOOKMARK [2][-]{subsection.68}{\376\377\000R\000e\000p\000r\000e\000s\000e\000n\000t\000a\000t\000i\000v\000e\000\040\000M\000a\000n\000u\000a\000l\000\040\000C\000a\000s\000e\000s}{section.57}% 36
\BOOKMARK [1][-]{section.71}{\376\377\000P\000h\000y\000s\000i\000c\000a\000l\000\040\000D\000e\000v\000i\000c\000e\000\040\000V\000a\000l\000i\000d\000a\000t\000i\000o\000n}{}% 37
\BOOKMARK [2][-]{subsection.72}{\376\377\000R\000e\000f\000e\000r\000e\000n\000c\000e\000\040\000D\000e\000v\000i\000c\000e}{section.71}% 38
\BOOKMARK [2][-]{subsection.73}{\376\377\000O\000b\000s\000e\000r\000v\000e\000d\000\040\000R\000u\000n\000t\000i\000m\000e\000\040\000E\000v\000i\000d\000e\000n\000c\000e}{section.71}% 39
\BOOKMARK [2][-]{subsection.74}{\376\377\000A\000\040\000P\000r\000a\000c\000t\000i\000c\000a\000l\000\040\000E\000n\000g\000i\000n\000e\000e\000r\000i\000n\000g\000\040\000F\000i\000n\000d\000i\000n\000g}{section.71}% 40
\BOOKMARK [1][-]{section.75}{\376\377\000R\000e\000s\000u\000l\000t\000s\000\040\000a\000n\000d\000\040\000D\000i\000s\000c\000u\000s\000s\000i\000o\000n}{}% 41
\BOOKMARK [2][-]{subsection.76}{\376\377\000V\000e\000r\000i\000f\000i\000e\000d\000\040\000Q\000u\000a\000n\000t\000i\000t\000a\000t\000i\000v\000e\000\040\000E\000v\000i\000d\000e\000n\000c\000e}{section.75}% 42
\BOOKMARK [2][-]{subsection.79}{\376\377\000I\000n\000t\000e\000r\000p\000r\000e\000t\000a\000t\000i\000o\000n}{section.75}% 43
\BOOKMARK [1][-]{section.84}{\376\377\000S\000c\000r\000e\000e\000n\000s\000h\000o\000t\000s\000\040\000a\000n\000d\000\040\000V\000i\000s\000u\000a\000l\000\040\000E\000v\000i\000d\000e\000n\000c\000e}{}% 44
\BOOKMARK [1][-]{section.95}{\376\377\000G\000a\000p\000\040\000A\000n\000a\000l\000y\000s\000i\000s\000:\000\040\000P\000l\000a\000n\000n\000e\000d\000\040\000D\000e\000s\000i\000g\000n\000\040\000v\000s\000\040\000C\000u\000r\000r\000e\000n\000t\000\040\000R\000e\000a\000l\000i\000t\000y}{}% 45
\BOOKMARK [2][-]{subsection.96}{\376\377\000W\000h\000a\000t\000\040\000I\000s\000\040\000F\000u\000l\000l\000y\000\040\000A\000l\000i\000g\000n\000e\000d}{section.95}% 46
\BOOKMARK [2][-]{subsection.97}{\376\377\000W\000h\000a\000t\000\040\000C\000h\000a\000n\000g\000e\000d\000\040\000i\000n\000\040\000t\000h\000e\000\040\000C\000o\000n\000c\000r\000e\000t\000e\000\040\000I\000m\000p\000l\000e\000m\000e\000n\000t\000a\000t\000i\000o\000n}{section.95}% 47
\BOOKMARK [2][-]{subsection.98}{\376\377\000W\000h\000a\000t\000\040\000I\000s\000\040\000S\000t\000i\000l\000l\000\040\000I\000n\000c\000o\000m\000p\000l\000e\000t\000e}{section.95}% 48
\BOOKMARK [1][-]{section.99}{\376\377\000R\000i\000s\000k\000\040\000A\000s\000s\000e\000s\000s\000m\000e\000n\000t}{}% 49
\BOOKMARK [1][-]{section.102}{\376\377\000F\000u\000t\000u\000r\000e\000\040\000W\000o\000r\000k}{}% 50
\BOOKMARK [1][-]{section.110}{\376\377\000C\000o\000n\000c\000l\000u\000s\000i\000o\000n}{}% 51
\BOOKMARK [1][-]{section*.111}{\376\377\000R\000e\000f\000e\000r\000e\000n\000c\000e\000s}{}% 52
